# Test case for recursive overridable primary logic
# Complex chain of overridable sequences that may expose recursive handling bugs
# Using sequences that involve multiple levels of overridable primaries
ǞǟǠǡǢǣǤǥǦǧǨǩǪǫǬǭǮǯǰǱǲǳǴǵǶǷǸǹǺǻǼǽǾǿȀȁȂȃȄȅȆȇȈȉȊȋȌȍȎȏȐȑȒȓȔȕȖȗȘșȚțȜȝȞȟȠȡȢȣȤȥȦȧȨȩȪȫȬȭȮȯȰȱȲȳȴȵȶȷȸȹȺȻȼȽȾȿɀɁɂɃɄɅɆɇɈɉɊɋɌɍɎɏ