À́̂̃̄̅̆̇̈̉̀́̂̃̄̅̆̇̈̉̀́̂̃̄̅̆̇̈̉̀́̂̃̄̅̆̇̈̉̀́̂̃̄̅̆̇̈̉
ÀB́ĈD̃
café café café café café café café café café café café café café café café café café café café café café café café café café café café café café café café café café café café café café café café café café café café café café café café café café café café café café café café café café café café café café café café café café café café café café café café café café café café café café café café café café café café café café café café café café café café café café café café café café café café café 
éé
