# Test case for excluded composite processing
# Characters that should be excluded from composition according to CompositionExclusions.txt
# These should not be composed even if they appear to have valid decomposition
# Using some known excluded composites
ﺀﺁﺂﺃﺄﺅﺆﺇﺈﺉﺊﺋﺌﺍﺎﺏﺐﺑﺒﺓﺔﺕﺖﺗﺘﺙﺚﺛﺜﺝﺞﺟﺠﺡﺢﺣﺤﺥﺦﺧﺨﺩﺪﺫﺬﺭﺮﺯﺰﺱﺲﺳﺴﺵﺶﺷﺸﺹﺺﺻﺼﺽﺾﺿﻀﻁﻂﻃﻄﻅﻆﻇﻈﻉﻊﻋﻌﻍﻎﻏﻐﻑﻒﻓﻔﻕﻖﻗﻘﻛﻜﻝﻞﻟﻠﻡﻢﻣﻤﻥﻦﻧﻨﻩﻪﻫﻬﻭﻮﻯﻰﻱﻲﻳﻴﻵﻶﻷﻸﻹﻺﻻﻼ