# Test case for mark code bits allocation overflow
# Sequence with many combining marks to test if mark code bits are sufficient
# This may trigger bugs if the allocated bits are too few for complex sequences
à̴̵̶̷̸̡̢̧̨̛̖̗̘̙̜̝̞̟̠̣̤̥̦̩̪̫̬̭̮̯̰̱̲̳̹̺̻̼͇͈͉͍͎́̂̃̄̅̆̇̈̉̊̋̌̍̎̏̐̑̒̓̔̽̾̿̀́͂̓̈́͆͊͋͌̕̚ͅ͏͓͔͕͖͙͚͐͑͒͗͛ͣͤͥͦͧͨͩͪͫͬͭͮͯ͘͜͟͢͝͞͠͡ͰͱͲͳʹ͵Ͷͷ͸͹ͺͻͼͽ;Ϳ΀΁΂΃΄΅Ά·ΈΉΊΌΎΏΐΑΒΓΔΕΖΗΘΙΚΛΜΝΞΟΠΡΣΤΥΦΧΨΩΪΫάέήίΰαβγδεζηθικλμνξοπρςστυφχψωϊϋόύώϏϐϑϒϓϔϕϖϗϘϙϚϛϜϝϞϟϠϡϢϣϤϥϦϧϨϩϪϫϬϭϮϯϰϱϲϳϴϵ϶ϷϸϹϺϻϼϽϾϿЀЁЂЃЄЅІЇЈЉЊЋЌЍЎЏАБВГДЕЖЗИЙКЛМНОПРСТУФХЦЧШЩЪЫЬЭЮЯабвгдежзийклмнопрстуфхцчшщъыьэюяѐёђѓєѕіїјљњћќѝўџѠѡѢѣѤѥѦѧѨѩѪѫѬѭѮѯѰѱѲѳѴѵѶѷѸѹѺѻѼѽѾѿҀҁ҂҃҄҅҆҇҈҉ҊҋҌҍҎҏҐґҒғҔҕҖҗҘҙҚқҜҝҞҟҠҡҢңҤҥҦҧҨҩҪҫҬҭҮүҰұҲҳҴҵҶҷҸҹҺһҼҽҾҿӀӁӂӃӄӅӆӇӈӉӊӋӌӍӎӏӐӑӒӓӔӕӖӗӘәӚӛӜӝӞӟӠӡӢӣӤӥӦӧӨөӪӫӬӭӮӯӰӱӲӳӴӵӶӷӸӹӺӻӼӽӾӿԀԁԂԃԄԅԆԇԈԉԊԋԌԍԎԏԐԑԒԓԔԕԖԗԘԙԚԛԜԝԞԟԠԡԢԣԤԥԦԧԨԩԪԫԬԭԮԯ԰ԱԲԳԴԵԶԷԸԹԺԻԼԽԾԿՀՁՂՃՄՅՆՇՈՉՊՋՌՍՎՏՐՑՒՓՔՕՖևաբգդեզէըթժիլխծկհձղճմյնշոչպջռսվտրցւփքօֆև։֊֋֌֍֎֏֐ְֱֲֳִֵֶַָֹֺֻּֽ֑֖֛֢֣֤֥֦֧֪֚֭֮֒֓֔֕֗֘֙֜֝֞֟֠֡֨֩֫֬֯־ֿ׀ׁׂ׃ׅׄ׆ׇ׈׉׊׋׌׍׎׏אבגדהוזחטיךכלםמןנסעףפץצקרשת׫׬׭׮ׯװױײ׳״׵׶׷׸׹׺׻׼׽׾׿׀ׁׂ׃ׅׄ׆ׇ׈׉׊׋׌׍׎׏אבגדהוזחטיךכלםמןנסעףפץצקרשת׫׬׭׮ׯװױײ׳״׵׶׷׸׹׺׻׼׽׾׿